[dreamspos.dreamstechnologies.com/restaurant-pos/html/index.html]
[backblue.gif]
[fade.gif]
[index.html]
[dreamspos.dreamstechnologies.com/restaurant-pos/html/assets/img/favicon.png]
[dreamspos.dreamstechnologies.com/restaurant-pos/html/assets/img/apple-icon.png]
[dreamspos.dreamstechnologies.com/restaurant-pos/html/assets/css/bootstrap.min.css]
[dreamspos.dreamstechnologies.com/restaurant-pos/html/assets/js/theme-script.js]
[dreamspos.dreamstechnologies.com/restaurant-pos/html/assets/plugins/lucide/lucide.css]
[dreamspos.dreamstechnologies.com/restaurant-pos/html/assets/plugins/simplebar/simplebar.min.css]
[dreamspos.dreamstechnologies.com/restaurant-pos/html/assets/plugins/select2/css/select2.min.css]
[dreamspos.dreamstechnologies.com/restaurant-pos/html/assets/plugins/daterangepicker/daterangepicker.css]
[dreamspos.dreamstechnologies.com/restaurant-pos/html/assets/css/style.css]
[dreamspos.dreamstechnologies.com/restaurant-pos/html/assets/img/logo.svg]
[dreamspos.dreamstechnologies.com/restaurant-pos/html/assets/img/logo-small.svg]
[dreamspos.dreamstechnologies.com/restaurant-pos/html/assets/img/logo-white.svg]
[dreamspos.dreamstechnologies.com/restaurant-pos/html/pos.html]
[dreamspos.dreamstechnologies.com/restaurant-pos/html/orders.html]
[dreamspos.dreamstechnologies.com/restaurant-pos/html/kitchen.html]
[dreamspos.dreamstechnologies.com/restaurant-pos/html/reservations.html]
[dreamspos.dreamstechnologies.com/restaurant-pos/html/table.html]
[dreamspos.dreamstechnologies.com/restaurant-pos/html/earning-report.html]
[dreamspos.dreamstechnologies.com/restaurant-pos/html/assets/img/profiles/avatar-32.jpg]
[dreamspos.dreamstechnologies.com/restaurant-pos/html/assets/img/profiles/avatar-33.jpg]
[dreamspos.dreamstechnologies.com/restaurant-pos/html/assets/img/profiles/avatar-31.jpg]
[dreamspos.dreamstechnologies.com/restaurant-pos/html/customer.html]
[dreamspos.dreamstechnologies.com/restaurant-pos/html/assets/img/icons/search.svg]
[dreamspos.dreamstechnologies.com/restaurant-pos/html/assets/img/profiles/avatar-27.jpg]
[dreamspos.dreamstechnologies.com/restaurant-pos/html/store-settings.html]
[dreamspos.dreamstechnologies.com/restaurant-pos/html/role-permission.html]
[dreamspos.dreamstechnologies.com/restaurant-pos/html/audit-report.html]
[dreamspos.dreamstechnologies.com/restaurant-pos/html/users.html]
[dreamspos.dreamstechnologies.com/restaurant-pos/html/login.html]
[dreamspos.dreamstechnologies.com/restaurant-pos/html/assets/img/store/store-01.jpg]
[dreamspos.dreamstechnologies.com/restaurant-pos/html/assets/img/store/store-02.jpg]
[dreamspos.dreamstechnologies.com/restaurant-pos/html/assets/img/store/store-03.jpg]
[dreamspos.dreamstechnologies.com/restaurant-pos/html/categories.html]
[dreamspos.dreamstechnologies.com/restaurant-pos/html/items.html]
[dreamspos.dreamstechnologies.com/restaurant-pos/html/addons.html]
[dreamspos.dreamstechnologies.com/restaurant-pos/html/coupons.html]
[dreamspos.dreamstechnologies.com/restaurant-pos/html/invoices.html]
[dreamspos.dreamstechnologies.com/restaurant-pos/html/payments.html]
[dreamspos.dreamstechnologies.com/restaurant-pos/html/register.html]
[dreamspos.dreamstechnologies.com/restaurant-pos/html/forgot-password.html]
[dreamspos.dreamstechnologies.com/restaurant-pos/html/email-verification.html]
[dreamspos.dreamstechnologies.com/restaurant-pos/html/otp.html]
[dreamspos.dreamstechnologies.com/restaurant-pos/html/reset-password.html]
[dreamspos.dreamstechnologies.com/restaurant-pos/html/tax-settings.html]
[dreamspos.dreamstechnologies.com/restaurant-pos/html/print-settings.html]
[dreamspos.dreamstechnologies.com/restaurant-pos/html/payment-settings.html]
[dreamspos.dreamstechnologies.com/restaurant-pos/html/delivery-settings.html]
[dreamspos.dreamstechnologies.com/restaurant-pos/html/notifications-settings.html]
[dreamspos.dreamstechnologies.com/restaurant-pos/html/integrations-settings.html]
[dreamspos.dreamstechnologies.com/restaurant-pos/html/assets/img/bg/order-bg.png]
[dreamspos.dreamstechnologies.com/restaurant-pos/html/assets/img/icons/spark.png]
[dreamspos.dreamstechnologies.com/restaurant-pos/html/assets/img/category/category-02.png]
[dreamspos.dreamstechnologies.com/restaurant-pos/html/assets/img/profiles/avatar-35.jpg]
[dreamspos.dreamstechnologies.com/restaurant-pos/html/assets/img/profiles/avatar-34.jpg]
[dreamspos.dreamstechnologies.com/restaurant-pos/html/sales-report.html]
[dreamspos.dreamstechnologies.com/restaurant-pos/html/assets/img/bg/sale-bg.png]
[dreamspos.dreamstechnologies.com/restaurant-pos/html/assets/img/menu/menu-01.jpg]
[dreamspos.dreamstechnologies.com/restaurant-pos/html/assets/img/menu/menu-02.jpg]
[dreamspos.dreamstechnologies.com/restaurant-pos/html/assets/img/menu/menu-03.jpg]
[dreamspos.dreamstechnologies.com/restaurant-pos/html/assets/img/menu/menu-04.jpg]
[dreamspos.dreamstechnologies.com/restaurant-pos/html/assets/img/menu/menu-05.jpg]
[dreamspos.dreamstechnologies.com/restaurant-pos/html/assets/img/menu/menu-06.jpg]
[dreamspos.dreamstechnologies.com/restaurant-pos/html/assets/img/profiles/avatar-05.jpg]
[dreamspos.dreamstechnologies.com/restaurant-pos/html/assets/img/profiles/avatar-36.jpg]
[dreamspos.dreamstechnologies.com/restaurant-pos/html/assets/img/tables/tables-17.svg]
[dreamspos.dreamstechnologies.com/restaurant-pos/html/assets/img/tables/tables-18.svg]
[dreamspos.dreamstechnologies.com/restaurant-pos/html/assets/img/tables/tables-19.svg]
[dreamspos.dreamstechnologies.com/restaurant-pos/html/assets/js/jquery-3.7.1.min.js]
[dreamspos.dreamstechnologies.com/restaurant-pos/html/assets/js/bootstrap.bundle.min.js]
[dreamspos.dreamstechnologies.com/restaurant-pos/html/assets/plugins/simplebar/simplebar.min.js]
[dreamspos.dreamstechnologies.com/restaurant-pos/html/assets/plugins/select2/js/select2.min.js]
[dreamspos.dreamstechnologies.com/restaurant-pos/html/assets/js/moment.min.js]
[dreamspos.dreamstechnologies.com/restaurant-pos/html/assets/plugins/daterangepicker/daterangepicker.js]
[dreamspos.dreamstechnologies.com/restaurant-pos/html/assets/plugins/apexchart/apexcharts.min.js]
[dreamspos.dreamstechnologies.com/restaurant-pos/html/assets/plugins/apexchart/chart-data.js]
[dreamspos.dreamstechnologies.com/restaurant-pos/html/assets/js/script.js]
[dreamspos.dreamstechnologies.com/restaurant-pos/html/index.html]
[dreamspos.dreamstechnologies.com/restaurant-pos/html/assets/img/apple-icon.html]
[dreamspos.dreamstechnologies.com/restaurant-pos/html/assets/css/bootstrap.min.css]
[dreamspos.dreamstechnologies.com/cdn-cgi/scripts/7d0fa10a/cloudflare-static/rocket-loader.min.js]
[dreamspos.dreamstechnologies.com/restaurant-pos/html/assets/plugins/lucide/lucide63af.eot]
[dreamspos.dreamstechnologies.com/restaurant-pos/html/assets/plugins/lucide/lucide63af.woff2]
[dreamspos.dreamstechnologies.com/restaurant-pos/html/assets/plugins/lucide/lucide63af.woff]
[dreamspos.dreamstechnologies.com/restaurant-pos/html/assets/plugins/lucide/lucide63af.ttf]
[dreamspos.dreamstechnologies.com/restaurant-pos/html/assets/plugins/lucide/lucide.css]
[dreamspos.dreamstechnologies.com/restaurant-pos/html/assets/plugins/simplebar/simplebar.min.css]
[dreamspos.dreamstechnologies.com/restaurant-pos/html/assets/plugins/select2/css/select2.min.css]
[dreamspos.dreamstechnologies.com/restaurant-pos/html/assets/plugins/daterangepicker/daterangepicker.css]
[dreamspos.dreamstechnologies.com/restaurant-pos/html/assets/img/bg/chat-bg.png]
[dreamspos.dreamstechnologies.com/restaurant-pos/html/assets/img/bg/count-bg-01.png]
[dreamspos.dreamstechnologies.com/restaurant-pos/html/assets/img/bg/count-bg-02.png]
[dreamspos.dreamstechnologies.com/restaurant-pos/html/assets/plugins/lucide/lucide63af.svg]
[dreamspos.dreamstechnologies.com/restaurant-pos/html/assets/img/bg/count-bg-03.png]
[dreamspos.dreamstechnologies.com/restaurant-pos/html/assets/img/bg/count-bg-04.png]
[dreamspos.dreamstechnologies.com/restaurant-pos/html/assets/css/style.css]
[dreamspos.dreamstechnologies.com/restaurant-pos/html/assets/img/logo.svg]
[dreamspos.dreamstechnologies.com/restaurant-pos/html/assets/img/logo-small.svg]
[dreamspos.dreamstechnologies.com/restaurant-pos/html/assets/img/logo-white.svg]
[dreamspos.dreamstechnologies.com/restaurant-pos/html/assets/plugins/slick/slick.css]
[dreamspos.dreamstechnologies.com/restaurant-pos/html/assets/plugins/slick/slick-theme.css]
[dreamspos.dreamstechnologies.com/restaurant-pos/html/assets/plugins/flatpickr/flatpickr.min.css]
[dreamspos.dreamstechnologies.com/restaurant-pos/html/customer-report.html]
[dreamspos.dreamstechnologies.com/restaurant-pos/html/assets/img/users/user-01.jpg]
[dreamspos.dreamstechnologies.com/restaurant-pos/html/assets/img/food/food-1.png]
[dreamspos.dreamstechnologies.com/restaurant-pos/html/assets/img/food/food-2.png]
[dreamspos.dreamstechnologies.com/restaurant-pos/html/assets/img/food/food-3.png]
[dreamspos.dreamstechnologies.com/restaurant-pos/html/assets/img/food/food-4.png]
[dreamspos.dreamstechnologies.com/restaurant-pos/html/assets/img/food/food-5.png]
[dreamspos.dreamstechnologies.com/restaurant-pos/html/assets/img/food/food-6.png]
[dreamspos.dreamstechnologies.com/restaurant-pos/html/assets/img/items/food-01.jpg]
[dreamspos.dreamstechnologies.com/restaurant-pos/html/assets/img/items/food-02.jpg]
[dreamspos.dreamstechnologies.com/restaurant-pos/html/assets/img/items/food-03.jpg]
[dreamspos.dreamstechnologies.com/restaurant-pos/html/assets/img/items/food-04.jpg]
[dreamspos.dreamstechnologies.com/restaurant-pos/html/assets/img/items/food-10.jpg]
[dreamspos.dreamstechnologies.com/restaurant-pos/html/assets/img/items/food-05.jpg]
[dreamspos.dreamstechnologies.com/restaurant-pos/html/assets/img/items/food-16.jpg]
[dreamspos.dreamstechnologies.com/restaurant-pos/html/assets/img/items/food-09.jpg]
[dreamspos.dreamstechnologies.com/restaurant-pos/html/assets/img/items/food-08.jpg]
[dreamspos.dreamstechnologies.com/restaurant-pos/html/assets/img/items/food-07.jpg]
[dreamspos.dreamstechnologies.com/restaurant-pos/html/assets/img/items/food-20.jpg]
[dreamspos.dreamstechnologies.com/restaurant-pos/html/assets/img/icons/checked-img.svg]
[dreamspos.dreamstechnologies.com/restaurant-pos/html/assets/img/food/food-img-1.png]
[dreamspos.dreamstechnologies.com/restaurant-pos/html/assets/img/icons/trash-icon.svg]
[dreamspos.dreamstechnologies.com/restaurant-pos/html/assets/img/invoices/paid-invoices.svg]
[dreamspos.dreamstechnologies.com/restaurant-pos/html/assets/plugins/slick/slick.min.js]
[dreamspos.dreamstechnologies.com/restaurant-pos/html/assets/plugins/flatpickr/flatpickr.min.js]
[dreamspos.dreamstechnologies.com/restaurant-pos/html/pos.html]
[dreamspos.dreamstechnologies.com/restaurant-pos/html/kanban-view.html]
[dreamspos.dreamstechnologies.com/restaurant-pos/html/assets/img/icons/mobile-phone.svg]
[dreamspos.dreamstechnologies.com/restaurant-pos/html/assets/img/icons/qr-img.svg]
[dreamspos.dreamstechnologies.com/restaurant-pos/html/assets/js/calculator.js]
[dreamspos.dreamstechnologies.com/restaurant-pos/html/orders.html]
[dreamspos.dreamstechnologies.com/restaurant-pos/html/assets/img/icons/start-icon.svg]
[dreamspos.dreamstechnologies.com/restaurant-pos/html/kitchen.html]
[dreamspos.dreamstechnologies.com/restaurant-pos/html/reservations.html]
[dreamspos.dreamstechnologies.com/restaurant-pos/html/assets/img/icons/pause-icon.svg]
[dreamspos.dreamstechnologies.com/restaurant-pos/html/assets/plugins/datatables/dataTables.bootstrap5.min.css]
[dreamspos.dreamstechnologies.com/restaurant-pos/html/assets/img/tables/tables-01.svg]
[dreamspos.dreamstechnologies.com/restaurant-pos/html/assets/img/tables/tables-02.svg]
[dreamspos.dreamstechnologies.com/restaurant-pos/html/assets/img/tables/tables-04.svg]
[dreamspos.dreamstechnologies.com/restaurant-pos/html/assets/img/tables/tables-05.svg]
[dreamspos.dreamstechnologies.com/restaurant-pos/html/assets/img/tables/tables-06.svg]
[dreamspos.dreamstechnologies.com/restaurant-pos/html/assets/img/tables/tables-14.svg]
[dreamspos.dreamstechnologies.com/restaurant-pos/html/assets/plugins/datatables/js/jquery.dataTables.min.js]
[dreamspos.dreamstechnologies.com/restaurant-pos/html/assets/plugins/datatables/dataTables.bootstrap5.min.js]
[dreamspos.dreamstechnologies.com/restaurant-pos/html/table.html]
[dreamspos.dreamstechnologies.com/restaurant-pos/html/earning-report.html]
[dreamspos.dreamstechnologies.com/restaurant-pos/html/order-report.html]
[dreamspos.dreamstechnologies.com/restaurant-pos/html/assets/img/profiles/avatar-40.jpg]
[dreamspos.dreamstechnologies.com/restaurant-pos/html/assets/img/profiles/avatar-37.jpg]
[dreamspos.dreamstechnologies.com/restaurant-pos/html/assets/img/profiles/avatar-41.jpg]
[dreamspos.dreamstechnologies.com/restaurant-pos/html/assets/img/profiles/avatar-09.jpg]
[dreamspos.dreamstechnologies.com/restaurant-pos/html/customer.html]
[dreamspos.dreamstechnologies.com/restaurant-pos/html/assets/img/icons/search.svg]
[dreamspos.dreamstechnologies.com/restaurant-pos/html/store-settings.html]
[dreamspos.dreamstechnologies.com/restaurant-pos/html/role-permission.html]
[dreamspos.dreamstechnologies.com/restaurant-pos/html/audit-report.html]
[dreamspos.dreamstechnologies.com/restaurant-pos/html/assets/img/users/user-02.jpg]
[dreamspos.dreamstechnologies.com/restaurant-pos/html/assets/img/users/user-03.jpg]
[dreamspos.dreamstechnologies.com/restaurant-pos/html/assets/img/users/user-04.jpg]
[dreamspos.dreamstechnologies.com/restaurant-pos/html/assets/img/users/user-05.jpg]
[dreamspos.dreamstechnologies.com/restaurant-pos/html/assets/img/users/user-06.jpg]
[dreamspos.dreamstechnologies.com/restaurant-pos/html/assets/img/users/user-07.jpg]
[dreamspos.dreamstechnologies.com/restaurant-pos/html/assets/img/users/user-08.jpg]
[dreamspos.dreamstechnologies.com/restaurant-pos/html/assets/img/users/user-09.jpg]
[dreamspos.dreamstechnologies.com/restaurant-pos/html/assets/img/users/user-10.jpg]
[dreamspos.dreamstechnologies.com/restaurant-pos/html/assets/img/profiles/avatar-03.jpg]
[dreamspos.dreamstechnologies.com/restaurant-pos/html/users.html]
[dreamspos.dreamstechnologies.com/restaurant-pos/html/assets/img/icons/google.svg]
[dreamspos.dreamstechnologies.com/restaurant-pos/html/assets/img/icons/fb.svg]
[dreamspos.dreamstechnologies.com/restaurant-pos/html/assets/img/authentication/authentication-bg-01.png]
[dreamspos.dreamstechnologies.com/restaurant-pos/html/assets/img/authentication/authentication-bg-02.png]
[dreamspos.dreamstechnologies.com/restaurant-pos/html/assets/img/authentication/login.png]
[dreamspos.dreamstechnologies.com/restaurant-pos/html/login.html]
[dreamspos.dreamstechnologies.com/restaurant-pos/html/assets/img/category/category-01.png]
[dreamspos.dreamstechnologies.com/restaurant-pos/html/assets/img/category/category-03.png]
[dreamspos.dreamstechnologies.com/restaurant-pos/html/assets/img/category/category-04.png]
[dreamspos.dreamstechnologies.com/restaurant-pos/html/assets/img/category/category-05.png]
[dreamspos.dreamstechnologies.com/restaurant-pos/html/assets/img/category/category-06.png]
[dreamspos.dreamstechnologies.com/restaurant-pos/html/assets/img/category/category-07.png]
[dreamspos.dreamstechnologies.com/restaurant-pos/html/assets/img/category/category-08.png]
[dreamspos.dreamstechnologies.com/restaurant-pos/html/assets/img/category/category-09.png]
[dreamspos.dreamstechnologies.com/restaurant-pos/html/assets/img/category/category-10.png]
[dreamspos.dreamstechnologies.com/restaurant-pos/html/categories.html]
[dreamspos.dreamstechnologies.com/restaurant-pos/html/assets/img/items/food-06.jpg]
[dreamspos.dreamstechnologies.com/restaurant-pos/html/assets/img/items/food-11.jpg]
[dreamspos.dreamstechnologies.com/restaurant-pos/html/assets/img/items/food-12.jpg]
[dreamspos.dreamstechnologies.com/restaurant-pos/html/assets/img/items/food-13.jpg]
[dreamspos.dreamstechnologies.com/restaurant-pos/html/assets/img/items/food-14.jpg]
[dreamspos.dreamstechnologies.com/restaurant-pos/html/assets/img/items/food-15.jpg]
[dreamspos.dreamstechnologies.com/restaurant-pos/html/assets/img/items/food-17.jpg]
[dreamspos.dreamstechnologies.com/restaurant-pos/html/assets/img/items/food-18.jpg]
[dreamspos.dreamstechnologies.com/restaurant-pos/html/assets/img/items/food-19.jpg]
[dreamspos.dreamstechnologies.com/restaurant-pos/html/items.html]
[dreamspos.dreamstechnologies.com/restaurant-pos/html/addons.html]
[dreamspos.dreamstechnologies.com/restaurant-pos/html/coupons.html]
[dreamspos.dreamstechnologies.com/restaurant-pos/html/assets/img/icons/hide.svg]
[dreamspos.dreamstechnologies.com/restaurant-pos/html/invoice-details.html]
[dreamspos.dreamstechnologies.com/restaurant-pos/html/assets/img/profiles/avatar-38.jpg]
[dreamspos.dreamstechnologies.com/restaurant-pos/html/assets/img/profiles/avatar-39.jpg]
[dreamspos.dreamstechnologies.com/restaurant-pos/html/invoices.html]
[dreamspos.dreamstechnologies.com/restaurant-pos/html/payments.html]
[dreamspos.dreamstechnologies.com/restaurant-pos/html/register.html]
[dreamspos.dreamstechnologies.com/restaurant-pos/html/forgot-password.html]
[dreamspos.dreamstechnologies.com/restaurant-pos/html/email-verification.html]
[dreamspos.dreamstechnologies.com/restaurant-pos/html/assets/js/otp.js]
[dreamspos.dreamstechnologies.com/restaurant-pos/html/otp.html]
[dreamspos.dreamstechnologies.com/restaurant-pos/html/reset-password.html]
[dreamspos.dreamstechnologies.com/restaurant-pos/html/tax-settings.html]
[dreamspos.dreamstechnologies.com/restaurant-pos/html/print-settings.html]
[dreamspos.dreamstechnologies.com/restaurant-pos/html/assets/img/icons/dollar-sign.svg]
[dreamspos.dreamstechnologies.com/restaurant-pos/html/assets/img/icons/credit-card.svg]
[dreamspos.dreamstechnologies.com/restaurant-pos/html/assets/img/icons/wallet.svg]
[dreamspos.dreamstechnologies.com/restaurant-pos/html/assets/img/icons/russian-ruble.svg]
[dreamspos.dreamstechnologies.com/restaurant-pos/html/assets/img/icons/qr-code.svg]
[dreamspos.dreamstechnologies.com/restaurant-pos/html/assets/img/icons/receipt-text.svg]
[dreamspos.dreamstechnologies.com/restaurant-pos/html/payment-settings.html]
[dreamspos.dreamstechnologies.com/restaurant-pos/html/delivery-settings.html]
[dreamspos.dreamstechnologies.com/restaurant-pos/html/notifications-settings.html]
[dreamspos.dreamstechnologies.com/restaurant-pos/html/assets/img/icons/landmark.svg]
[dreamspos.dreamstechnologies.com/restaurant-pos/html/assets/img/icons/mail-icon.svg]
[dreamspos.dreamstechnologies.com/restaurant-pos/html/assets/img/icons/gupshup.svg]
[dreamspos.dreamstechnologies.com/restaurant-pos/html/integrations-settings.html]
[dreamspos.dreamstechnologies.com/restaurant-pos/html/sales-report.html]
[dreamspos.dreamstechnologies.com/restaurant-pos/html/assets/img/tables/tables-17.svg]
[dreamspos.dreamstechnologies.com/restaurant-pos/html/assets/img/tables/tables-18.svg]
[dreamspos.dreamstechnologies.com/restaurant-pos/html/assets/img/tables/tables-19.svg]
[dreamspos.dreamstechnologies.com/restaurant-pos/html/assets/img/icons/print-node.svg]
[dreamspos.dreamstechnologies.com/restaurant-pos/html/assets/plugins/lucide/lucide63af.svg]
[dreamspos.dreamstechnologies.com/restaurant-pos/html/assets/img/bg/chat-bg.html]
[dreamspos.dreamstechnologies.com/restaurant-pos/html/assets/plugins/slick/slick.css]
[dreamspos.dreamstechnologies.com/restaurant-pos/html/assets/plugins/slick/ajax-loader.gif]
[dreamspos.dreamstechnologies.com/restaurant-pos/html/assets/plugins/slick/fonts/slick.eot]
[dreamspos.dreamstechnologies.com/restaurant-pos/html/assets/plugins/slick/fonts/slickd41d.eot]
[dreamspos.dreamstechnologies.com/restaurant-pos/html/assets/plugins/slick/fonts/slick.woff]
[dreamspos.dreamstechnologies.com/restaurant-pos/html/assets/plugins/slick/fonts/slick.ttf]
[dreamspos.dreamstechnologies.com/restaurant-pos/html/assets/plugins/slick/fonts/slick.svg]
[dreamspos.dreamstechnologies.com/restaurant-pos/html/assets/plugins/slick/slick-theme.css]
[dreamspos.dreamstechnologies.com/restaurant-pos/html/assets/plugins/flatpickr/flatpickr.min.css]
[dreamspos.dreamstechnologies.com/restaurant-pos/html/customer-report.html]
[dreamspos.dreamstechnologies.com/restaurant-pos/html/assets/img/icons/checked-img.svg]
[dreamspos.dreamstechnologies.com/restaurant-pos/html/assets/img/icons/trash-icon.svg]
[dreamspos.dreamstechnologies.com/restaurant-pos/html/assets/img/invoices/paid-invoices.svg]
[dreamspos.dreamstechnologies.com/restaurant-pos/html/assets/plugins/dragula/dragula.min.js]
[dreamspos.dreamstechnologies.com/restaurant-pos/html/assets/js/dragula.js]
[dreamspos.dreamstechnologies.com/restaurant-pos/html/kanban-view.html]
[dreamspos.dreamstechnologies.com/restaurant-pos/html/assets/img/icons/mobile-phone.svg]
[dreamspos.dreamstechnologies.com/restaurant-pos/html/assets/img/icons/qr-img.svg]
[dreamspos.dreamstechnologies.com/restaurant-pos/html/assets/img/icons/start-icon.svg]
[dreamspos.dreamstechnologies.com/restaurant-pos/html/assets/img/icons/pause-icon.svg]
[dreamspos.dreamstechnologies.com/restaurant-pos/html/assets/plugins/datatables/dataTables.bootstrap5.min.css]
[dreamspos.dreamstechnologies.com/restaurant-pos/html/assets/img/tables/tables-01.svg]
[dreamspos.dreamstechnologies.com/restaurant-pos/html/assets/img/tables/tables-02.svg]
[dreamspos.dreamstechnologies.com/restaurant-pos/html/assets/img/tables/tables-04.svg]
[dreamspos.dreamstechnologies.com/restaurant-pos/html/assets/img/tables/tables-05.svg]
[dreamspos.dreamstechnologies.com/restaurant-pos/html/assets/img/tables/tables-06.svg]
[dreamspos.dreamstechnologies.com/restaurant-pos/html/assets/img/tables/tables-14.svg]
[dreamspos.dreamstechnologies.com/restaurant-pos/html/order-report.html]
[dreamspos.dreamstechnologies.com/restaurant-pos/html/assets/img/icons/google.svg]
[dreamspos.dreamstechnologies.com/restaurant-pos/html/assets/img/icons/fb.svg]
[dreamspos.dreamstechnologies.com/restaurant-pos/html/assets/img/icons/hide.svg]
[dreamspos.dreamstechnologies.com/restaurant-pos/html/invoice-details.html]
[dreamspos.dreamstechnologies.com/restaurant-pos/html/assets/img/icons/dollar-sign.svg]
[dreamspos.dreamstechnologies.com/restaurant-pos/html/assets/img/icons/credit-card.svg]
[dreamspos.dreamstechnologies.com/restaurant-pos/html/assets/img/icons/wallet.svg]
[dreamspos.dreamstechnologies.com/restaurant-pos/html/assets/img/icons/russian-ruble.svg]
[dreamspos.dreamstechnologies.com/restaurant-pos/html/assets/img/icons/qr-code.svg]
[dreamspos.dreamstechnologies.com/restaurant-pos/html/assets/img/icons/receipt-text.svg]
[dreamspos.dreamstechnologies.com/restaurant-pos/html/assets/img/icons/landmark.svg]
[dreamspos.dreamstechnologies.com/restaurant-pos/html/assets/img/icons/mail-icon.svg]
[dreamspos.dreamstechnologies.com/restaurant-pos/html/assets/img/icons/gupshup.svg]
[dreamspos.dreamstechnologies.com/restaurant-pos/html/assets/img/icons/print-node.svg]
[dreamspos.dreamstechnologies.com/restaurant-pos/html/assets/plugins/slick/fonts/slick.html]
